MPASM  5.44                        HAFTA2.ASM   12-6-2021  13:45:51         PAGE  1


LOC  OBJECT CODE     LINE SOURCE TEXT
  VALUE

                      00001 
                      00002 ; PICBASIC PRO(TM) Compiler 2.60, (c) 1998, 2009 microEngineering Labs, Inc. All Rights Reserved. 
  00000001            00003 _USED                   EQU     1
                      00004 
                      00005         INCLUDE "C:\PBP\16F877.INC"
                      00001 ;****************************************************************
                      00002 ;*  16F877.INC                                                  *
                      00003 ;*                                                              *
                      00004 ;*  By        : Leonard Zerman, Jeff Schmoyer                   *
                      00005 ;*  Notice    : Copyright (c) 2003 microEngineering Labs, Inc.  *
                      00006 ;*              All Rights Reserved                             *
                      00007 ;*  Date      : 11/07/03                                        *
                      00008 ;*  Version   : 2.45                                            *
                      00009 ;*  Notes     :                                                 *
                      00010 ;****************************************************************
                      00019         LIST
                      00020         LIST p = 16F877, r = dec, w = -302
                      00021         INCLUDE "P16F877.INC"   ; MPASM  Header
                      00001         LIST
                      00002 
                      00003 ;==========================================================================
                      00004 ;  MPASM PIC16F877 processor include
                      00005 ; 
                      00006 ;  (c) Copyright 1999-2012 Microchip Technology, All rights reserved
                      00007 ;==========================================================================
                      00008 
                      00540         LIST
2007   3F75           00022         __config _XT_OSC & _WDT_ON & _PWRTE_ON & _LVP_OFF & _CP_OFF
                      00025         LIST
                      00006 
                      00007 
                      00008 ; Define statements.
                      00009 ; C:\PBP\16F877.BAS             00018   DEFINE  CODE_SIZE 8
                      00010 #define         CODE_SIZE                8
                      00011 
  00000020            00012 RAM_START                       EQU     00020h
  000001EF            00013 RAM_END                         EQU     001EFh
  00000004            00014 RAM_BANKS                       EQU     00004h
  00000020            00015 BANK0_START                     EQU     00020h
  0000007F            00016 BANK0_END                       EQU     0007Fh
  000000A0            00017 BANK1_START                     EQU     000A0h
  000000EF            00018 BANK1_END                       EQU     000EFh
  00000110            00019 BANK2_START                     EQU     00110h
  0000016F            00020 BANK2_END                       EQU     0016Fh
  00000190            00021 BANK3_START                     EQU     00190h
  000001EF            00022 BANK3_END                       EQU     001EFh
  00002100            00023 EEPROM_START                    EQU     02100h
  000021FF            00024 EEPROM_END                      EQU     021FFh
                      00025 
                      00026 ; C:\PBP\PBPPIC14.RAM           00012   A00020  R0      VAR     WORD BANK0 SYSTEM       ' System Registe
                            r
  00000020            00027 R0                              EQU     RAM_START + 000h
                      00028 ; C:\PBP\PBPPIC14.RAM           00013   A00022  R1      VAR     WORD BANK0 SYSTEM       ' System Registe
MPASM  5.44                        HAFTA2.ASM   12-6-2021  13:45:51         PAGE  2


LOC  OBJECT CODE     LINE SOURCE TEXT
  VALUE

                            r
  00000022            00029 R1                              EQU     RAM_START + 002h
                      00030 ; C:\PBP\PBPPIC14.RAM           00014   A00024  R2      VAR     WORD BANK0 SYSTEM       ' System Registe
                            r
  00000024            00031 R2                              EQU     RAM_START + 004h
                      00032 ; C:\PBP\PBPPIC14.RAM           00015   A00026  R3      VAR     WORD BANK0 SYSTEM       ' System Registe
                            r
  00000026            00033 R3                              EQU     RAM_START + 006h
                      00034 ; C:\PBP\PBPPIC14.RAM           00016   A00028  R4      VAR     WORD BANK0 SYSTEM       ' System Registe
                            r
  00000028            00035 R4                              EQU     RAM_START + 008h
                      00036 ; C:\PBP\PBPPIC14.RAM           00017   A0002A  R5      VAR     WORD BANK0 SYSTEM       ' System Registe
                            r
  0000002A            00037 R5                              EQU     RAM_START + 00Ah
                      00038 ; C:\PBP\PBPPIC14.RAM           00018   A0002C  R6      VAR     WORD BANK0 SYSTEM       ' System Registe
                            r
  0000002C            00039 R6                              EQU     RAM_START + 00Ch
                      00040 ; C:\PBP\PBPPIC14.RAM           00019   A0002E  R7      VAR     WORD BANK0 SYSTEM       ' System Registe
                            r
  0000002E            00041 R7                              EQU     RAM_START + 00Eh
                      00042 ; C:\PBP\PBPPIC14.RAM           00020   A00030  R8      VAR     WORD BANK0 SYSTEM       ' System Registe
                            r
  00000030            00043 R8                              EQU     RAM_START + 010h
                      00044 ; C:\PBP\PBPPIC14.RAM           00026   A00032  FLAGS   VAR     BYTE BANK0 SYSTEM       ' Static flags
  00000032            00045 FLAGS                           EQU     RAM_START + 012h
                      00046 ; C:\PBP\PBPPIC14.RAM           00025   A00033  GOP     VAR     BYTE BANK0 SYSTEM       ' Gen Op Paramet
                            er
  00000033            00047 GOP                             EQU     RAM_START + 013h
                      00048 ; C:\PBP\PBPPIC14.RAM           00022   A00034  RM1     VAR     BYTE BANK0 SYSTEM       ' Pin 1 Mask
  00000034            00049 RM1                             EQU     RAM_START + 014h
                      00050 ; C:\PBP\PBPPIC14.RAM           00024   A00035  RM2     VAR     BYTE BANK0 SYSTEM       ' Pin 2 Mask
  00000035            00051 RM2                             EQU     RAM_START + 015h
                      00052 ; C:\PBP\PBPPIC14.RAM           00021   A00036  RR1     VAR     BYTE BANK0 SYSTEM       ' Pin 1 Register
  00000036            00053 RR1                             EQU     RAM_START + 016h
                      00054 ; C:\PBP\PBPPIC14.RAM           00023   A00037  RR2     VAR     BYTE BANK0 SYSTEM       ' Pin 2 Register
  00000037            00055 RR2                             EQU     RAM_START + 017h
                      00056 ; C:\PBP\16F877.BAS             00022   PORTL   VAR     PORTB
  00000006            00057 _PORTL                          EQU      PORTB
                      00058 ; C:\PBP\16F877.BAS             00023   PORTH   VAR     PORTC
  00000007            00059 _PORTH                          EQU      PORTC
                      00060 ; C:\PBP\16F877.BAS             00024   TRISL   VAR     TRISB
  00000086            00061 _TRISL                          EQU      TRISB
                      00062 ; C:\PBP\16F877.BAS             00025   TRISH   VAR     TRISC
  00000087            00063 _TRISH                          EQU      TRISC
                      00064 #define _kirmizibutton          _PORTB??0
                      00065 #define _saributton             _PORTB??1
                      00066 #define _sariled                _PORTC??0
                      00067 #define _kirmiziled             _PORTC??1
                      00068 #define _PORTB??0                PORTB, 000h
                      00069 #define _PORTB??1                PORTB, 001h
                      00070 #define _PORTC??0                PORTC, 000h
                      00071 #define _PORTC??1                PORTC, 001h
                      00072         INCLUDE "HAFTA2.MAC"
MPASM  5.44                        HAFTA2.ASM   12-6-2021  13:45:51         PAGE  3


LOC  OBJECT CODE     LINE SOURCE TEXT
  VALUE

                      00001 
                      00035         LIST
                      00073         INCLUDE "C:\PBP\PBPPIC14.LIB"
                      00001 ;******************************************************************
                      00002 ;*  PBPPIC14.LIB                                                  *
                      00003 ;*                                                                *
                      00004 ;*  By        : Leonard Zerman, Jeff Schmoyer                     *
                      00005 ;*  Notice    : Copyright (c) 2009 microEngineering Labs, Inc.    *
                      00006 ;*              All Rights Reserved                               *
                      00007 ;*  Date      : 07/08/09                                          *
                      00008 ;*  Version   : 2.60                                              *
                      00009 ;*  Notes     :                                                   *
                      00010 ;******************************************************************
                      00054   LIST
                      00055 ; Oscillator is 4MHz
                      01133   LIST
0000                  01134     ORG RESET_ORG               ; Reset vector usually at 0
                      01149   LIST
0000   2801           01150         goto    INIT            ; Finish initialization
                      07797   LIST
0001                  07798 INIT
                      07836   LIST
0001                  07837 main
                      00074 
                      00075 
                      00076 ; C:\PBP\16F877.BAS             00012   BANK0   $0020, $007F
                      00077 ; C:\PBP\16F877.BAS             00013   BANK1   $00A0, $00EF
                      00078 ; C:\PBP\16F877.BAS             00014   BANK2   $0110, $016F
                      00079 ; C:\PBP\16F877.BAS             00015   BANK3   $0190, $01EF
                      00080 ; C:\PBP\16F877.BAS             00016   EEPROM  $2100, $21FF
                      00081 ; C:\PBP\16F877.BAS             00017   LIBRARY "PBPPIC14"
                      00082 ; C:\PBP\16F877.BAS             00018   DEFINE  CODE_SIZE 8
                      00083 
                      00084 ; C:\PBP\16F877.BAS             00020           include "PIC14EXT.BAS"
                      00085 
                      00086 ; C:\PBP\16F877.BAS             00027           include "PBPPIC14.RAM"
                      00087 
                      00088 ; C:\USERS\MUSTAFA\DOCUMENTS\GITHUB\PROTEUS\PBP\HAFTA2.PBP      00003   TRISB=%00000011  ' 1giriþ portu 
                            0 çýkýþ portu
                      00089         MOVE?CB 003h, TRISB
                          M         CHK?RP  TRISB
                          M     if (((TRISB) & 180h) == 0)
                          M       if (PREV_BANK == 1)
                          M         bcf     STATUS, RP0
                          M       endif
                          M       if (PREV_BANK == 2)
                          M         bcf     STATUS, RP1
                          M       endif
                          M       if (PREV_BANK == 3)
                          M         bcf     STATUS, RP0
                          M         bcf     STATUS, RP1
                          M       endif
                          M PREV_BANK = 0
MPASM  5.44                        HAFTA2.ASM   12-6-2021  13:45:51         PAGE  4


LOC  OBJECT CODE     LINE SOURCE TEXT
  VALUE

                          M     endif
                          M 
                          M     if (((TRISB) & 180h) == 80h)
                          M       if (PREV_BANK == 0)
0001   1683               M         bsf     STATUS, RP0
                          M       endif
                          M       if (PREV_BANK == 2)
                          M         bsf     STATUS, RP0
                          M         bcf     STATUS, RP1
                          M       endif
                          M       if (PREV_BANK == 3)
                          M         bcf     STATUS, RP1
                          M       endif
  00000001                M PREV_BANK = 1
                          M     endif
                          M 
                          M     if (((TRISB) & 180h) == 100h)
                          M       if (PREV_BANK == 0)
                          M         bsf     STATUS, RP1
                          M       endif
                          M       if (PREV_BANK == 1)
                          M         bcf     STATUS, RP0
                          M         bsf     STATUS, RP1
                          M       endif
                          M       if (PREV_BANK == 3)
                          M         bcf     STATUS, RP0
                          M       endif
                          M PREV_BANK = 2
                          M     endif
                          M 
                          M     if (((TRISB) & 180h) == 180h)
                          M       if (PREV_BANK == 0)
                          M         bsf     STATUS, RP0
                          M         bsf     STATUS, RP1
                          M       endif
                          M       if (PREV_BANK == 1)
                          M         bsf     STATUS, RP1
                          M       endif
                          M       if (PREV_BANK == 2)
                          M         bsf     STATUS, RP0
                          M       endif
                          M PREV_BANK = 3
                          M     endif
                          M     if (low (003h) == 0)
                          M         clrf    TRISB
                          M     else
0002   3003               M         movlw   low (003h)
0003   0086               M         movwf   TRISB
                          M     endif
                      00090 
                      00091 ; C:\USERS\MUSTAFA\DOCUMENTS\GITHUB\PROTEUS\PBP\HAFTA2.PBP      00005   TRISC=0
                      00092         MOVE?CB 000h, TRISC
                          M         CHK?RP  TRISC
MPASM  5.44                        HAFTA2.ASM   12-6-2021  13:45:51         PAGE  5


LOC  OBJECT CODE     LINE SOURCE TEXT
  VALUE

                          M     if (((TRISC) & 180h) == 0)
                          M       if (PREV_BANK == 1)
                          M         bcf     STATUS, RP0
                          M       endif
                          M       if (PREV_BANK == 2)
                          M         bcf     STATUS, RP1
                          M       endif
                          M       if (PREV_BANK == 3)
                          M         bcf     STATUS, RP0
                          M         bcf     STATUS, RP1
                          M       endif
                          M PREV_BANK = 0
                          M     endif
                          M 
                          M     if (((TRISC) & 180h) == 80h)
                          M       if (PREV_BANK == 0)
                          M         bsf     STATUS, RP0
                          M       endif
                          M       if (PREV_BANK == 2)
                          M         bsf     STATUS, RP0
                          M         bcf     STATUS, RP1
                          M       endif
                          M       if (PREV_BANK == 3)
                          M         bcf     STATUS, RP1
                          M       endif
  00000001                M PREV_BANK = 1
                          M     endif
                          M 
                          M     if (((TRISC) & 180h) == 100h)
                          M       if (PREV_BANK == 0)
                          M         bsf     STATUS, RP1
                          M       endif
                          M       if (PREV_BANK == 1)
                          M         bcf     STATUS, RP0
                          M         bsf     STATUS, RP1
                          M       endif
                          M       if (PREV_BANK == 3)
                          M         bcf     STATUS, RP0
                          M       endif
                          M PREV_BANK = 2
                          M     endif
                          M 
                          M     if (((TRISC) & 180h) == 180h)
                          M       if (PREV_BANK == 0)
                          M         bsf     STATUS, RP0
                          M         bsf     STATUS, RP1
                          M       endif
                          M       if (PREV_BANK == 1)
                          M         bsf     STATUS, RP1
                          M       endif
                          M       if (PREV_BANK == 2)
                          M         bsf     STATUS, RP0
                          M       endif
MPASM  5.44                        HAFTA2.ASM   12-6-2021  13:45:51         PAGE  6


LOC  OBJECT CODE     LINE SOURCE TEXT
  VALUE

                          M PREV_BANK = 3
                          M     endif
                          M     if (low (000h) == 0)
0004   0187               M         clrf    TRISC
                          M     else
                          M         movlw   low (000h)
                          M         movwf   TRISC
                          M     endif
                      00093 
                      00094 ; C:\USERS\MUSTAFA\DOCUMENTS\GITHUB\PROTEUS\PBP\HAFTA2.PBP      00006   PORTC=0
                      00095         MOVE?CB 000h, PORTC
                          M         CHK?RP  PORTC
                          M     if (((PORTC) & 180h) == 0)
                          M       if (PREV_BANK == 1)
0005   1283               M         bcf     STATUS, RP0
                          M       endif
                          M       if (PREV_BANK == 2)
                          M         bcf     STATUS, RP1
                          M       endif
                          M       if (PREV_BANK == 3)
                          M         bcf     STATUS, RP0
                          M         bcf     STATUS, RP1
                          M       endif
  00000000                M PREV_BANK = 0
                          M     endif
                          M 
                          M     if (((PORTC) & 180h) == 80h)
                          M       if (PREV_BANK == 0)
                          M         bsf     STATUS, RP0
                          M       endif
                          M       if (PREV_BANK == 2)
                          M         bsf     STATUS, RP0
                          M         bcf     STATUS, RP1
                          M       endif
                          M       if (PREV_BANK == 3)
                          M         bcf     STATUS, RP1
                          M       endif
                          M PREV_BANK = 1
                          M     endif
                          M 
                          M     if (((PORTC) & 180h) == 100h)
                          M       if (PREV_BANK == 0)
                          M         bsf     STATUS, RP1
                          M       endif
                          M       if (PREV_BANK == 1)
                          M         bcf     STATUS, RP0
                          M         bsf     STATUS, RP1
                          M       endif
                          M       if (PREV_BANK == 3)
                          M         bcf     STATUS, RP0
                          M       endif
                          M PREV_BANK = 2
                          M     endif
MPASM  5.44                        HAFTA2.ASM   12-6-2021  13:45:51         PAGE  7


LOC  OBJECT CODE     LINE SOURCE TEXT
  VALUE

                          M 
                          M     if (((PORTC) & 180h) == 180h)
                          M       if (PREV_BANK == 0)
                          M         bsf     STATUS, RP0
                          M         bsf     STATUS, RP1
                          M       endif
                          M       if (PREV_BANK == 1)
                          M         bsf     STATUS, RP1
                          M       endif
                          M       if (PREV_BANK == 2)
                          M         bsf     STATUS, RP0
                          M       endif
                          M PREV_BANK = 3
                          M     endif
                          M     if (low (000h) == 0)
0006   0187               M         clrf    PORTC
                          M     else
                          M         movlw   low (000h)
                          M         movwf   PORTC
                          M     endif
                      00096 ; C:\USERS\MUSTAFA\DOCUMENTS\GITHUB\PROTEUS\PBP\HAFTA2.PBP      00008   SYMBOL kirmizibutton=PORTB.0
                      00097 ; C:\USERS\MUSTAFA\DOCUMENTS\GITHUB\PROTEUS\PBP\HAFTA2.PBP      00009   SYMBOL saributton=PORTB.1
                      00098 ; C:\USERS\MUSTAFA\DOCUMENTS\GITHUB\PROTEUS\PBP\HAFTA2.PBP      00011   SYMBOL sariled=PORTC.0
                      00099 ; C:\USERS\MUSTAFA\DOCUMENTS\GITHUB\PROTEUS\PBP\HAFTA2.PBP      00012   SYMBOL kirmiziled=PORTC.1
                      00100 
                      00101 ; C:\USERS\MUSTAFA\DOCUMENTS\GITHUB\PROTEUS\PBP\HAFTA2.PBP      00014   while kirmizibutton=0 'butona ba
                            sýldýðýnda öncesinde kirmizi buton pullup olduðundan 1 deðeri döndürüyor basýldýðýnda 0
                      00102         LABEL?L L00001  
                          M         RST?RP
                          M     if ((PREV_BANK & 1) != 0)
                          M         bcf     STATUS, RP0
                          M     endif
                          M     if ((PREV_BANK & 2) != 0)
                          M         bcf     STATUS, RP1
                          M     endif
  00000000                M PREV_BANK = 0
                          M     ifdef PM_USED
                          M         LALL
                          M L00001
                          M         XALL
                          M     else
0007                      M L00001
                          M     endif
                      00103         CMPNE?TCL       _kirmizibutton, 000h, L00002
                          M     if ((000h) == 0)
                          M         CLRWDT?
                          M     ifndef NO_CLRWDT
0007   0064               M         clrwdt
                          M     endif
                          M         BIT?GOTO 1, PORTB, 000h,  L00002
                          M     ifdef USE_LINKER
                          M         CLRWDT?
                          M     else
MPASM  5.44                        HAFTA2.ASM   12-6-2021  13:45:51         PAGE  8


LOC  OBJECT CODE     LINE SOURCE TEXT
  VALUE

                          M       if ($ == (L00002))
                          M         CLRWDT?
                          M       endif
                          M     endif
                          M 
                          M     ifdef USE_LINKER
                          M       if (CODE_SIZE > 2)
                          M         pagesel L00002
                          M       endif
                          M     else
                          M       if (CODE_SIZE > 2)
                          M         if (((L00002) & 800h) == 0)
0008   118A               M         bcf     PCLATH, 3
                          M         else
                          M         bsf     PCLATH, 3
                          M         endif
                          M       endif
                          M       if (CODE_SIZE > 4)
                          M         if (((L00002) & 1000h) == 0)
0009   120A               M         bcf     PCLATH, 4
                          M         else
                          M         bsf     PCLATH, 4
                          M         endif
                          M       endif
                          M     endif
                          M 
                          M     if (((PORTB) & 0ff80h) != 0)
                          M         CHK?RP  PORTB
                          M         bcf     STATUS, DC
                          M       if ((1)      == 0)
                          M         btfss   PORTB, 000h
                          M       else
                          M         btfsc   PORTB, 000h
                          M       endif
                          M         bsf     STATUS, DC
                          M         RST?RP
                          M         btfsc   STATUS, DC
                          M     else
                          M         RST?RP
                          M     if ((PREV_BANK & 1) != 0)
                          M         bcf     STATUS, RP0
                          M     endif
                          M     if ((PREV_BANK & 2) != 0)
                          M         bcf     STATUS, RP1
                          M     endif
  00000000                M PREV_BANK = 0
                          M       if ((1)      == 0)
                          M         btfss   PORTB, 000h
                          M       else
000A   1806               M         btfsc   PORTB, 000h
                          M       endif
                          M     endif
                          M 
MPASM  5.44                        HAFTA2.ASM   12-6-2021  13:45:51         PAGE  9


LOC  OBJECT CODE     LINE SOURCE TEXT
  VALUE

000B   280F               M         goto    L00002
                          M     else
                          M       if ((000h) == 1)
                          M         CLRWDT?
                          M         BIT?GOTO 0, PORTB, 000h,  L00002
                          M       else
                          M         L?GOTO  L00002
                          M       endif
                          M     endif
                      00104 
                      00105 ; C:\USERS\MUSTAFA\DOCUMENTS\GITHUB\PROTEUS\PBP\HAFTA2.PBP      00015   kirmiziled=1
                      00106         MOVE?CT 001h, _kirmiziled
                          M         CHK?RP  PORTC
                          M     if (((PORTC) & 180h) == 0)
                          M       if (PREV_BANK == 1)
                          M         bcf     STATUS, RP0
                          M       endif
                          M       if (PREV_BANK == 2)
                          M         bcf     STATUS, RP1
                          M       endif
                          M       if (PREV_BANK == 3)
                          M         bcf     STATUS, RP0
                          M         bcf     STATUS, RP1
                          M       endif
  00000000                M PREV_BANK = 0
                          M     endif
                          M 
                          M     if (((PORTC) & 180h) == 80h)
                          M       if (PREV_BANK == 0)
                          M         bsf     STATUS, RP0
                          M       endif
                          M       if (PREV_BANK == 2)
                          M         bsf     STATUS, RP0
                          M         bcf     STATUS, RP1
                          M       endif
                          M       if (PREV_BANK == 3)
                          M         bcf     STATUS, RP1
                          M       endif
                          M PREV_BANK = 1
                          M     endif
                          M 
                          M     if (((PORTC) & 180h) == 100h)
                          M       if (PREV_BANK == 0)
                          M         bsf     STATUS, RP1
                          M       endif
                          M       if (PREV_BANK == 1)
                          M         bcf     STATUS, RP0
                          M         bsf     STATUS, RP1
                          M       endif
                          M       if (PREV_BANK == 3)
                          M         bcf     STATUS, RP0
                          M       endif
                          M PREV_BANK = 2
MPASM  5.44                        HAFTA2.ASM   12-6-2021  13:45:51         PAGE 10


LOC  OBJECT CODE     LINE SOURCE TEXT
  VALUE

                          M     endif
                          M 
                          M     if (((PORTC) & 180h) == 180h)
                          M       if (PREV_BANK == 0)
                          M         bsf     STATUS, RP0
                          M         bsf     STATUS, RP1
                          M       endif
                          M       if (PREV_BANK == 1)
                          M         bsf     STATUS, RP1
                          M       endif
                          M       if (PREV_BANK == 2)
                          M         bsf     STATUS, RP0
                          M       endif
                          M PREV_BANK = 3
                          M     endif
                          M     if (((001h) & 1) == 1)
000C   1487               M         bsf     PORTC,  001h
                          M     else
                          M         bcf     PORTC,  001h
                          M     endif
                      00107 
                      00108 ; C:\USERS\MUSTAFA\DOCUMENTS\GITHUB\PROTEUS\PBP\HAFTA2.PBP      00016   wend
                      00109         GOTO?L  L00001
                          M         L?GOTO  L00001
                          M     ifdef USE_LINKER
                          M         CLRWDT?
                          M     else
                          M       if ($ == (L00001))
                          M         CLRWDT?
                          M       endif
                          M     endif
                          M 
                          M         RST?RP
                          M     if ((PREV_BANK & 1) != 0)
                          M         bcf     STATUS, RP0
                          M     endif
                          M     if ((PREV_BANK & 2) != 0)
                          M         bcf     STATUS, RP1
                          M     endif
  00000000                M PREV_BANK = 0
                          M 
                          M     ifdef USE_LINKER
                          M       if (CODE_SIZE > 2)
                          M         pagesel L00001
                          M       endif
                          M     else
                          M       if ((L00001) < 1)
                          M         if (CODE_SIZE > 2)
                          M           if (((L00001) & 800h) == 0)
                          M         bcf     PCLATH, 3
                          M           else
                          M         bsf     PCLATH, 3
                          M           endif
MPASM  5.44                        HAFTA2.ASM   12-6-2021  13:45:51         PAGE 11


LOC  OBJECT CODE     LINE SOURCE TEXT
  VALUE

                          M         endif
                          M         if (CODE_SIZE > 4)
                          M           if (((L00001) & 1000h) == 0)
                          M         bcf     PCLATH, 4
                          M           else
                          M         bsf     PCLATH, 4
                          M           endif
                          M         endif
                          M       else
                          M         if ((L00001) > $)
                          M           if (CODE_SIZE > 2)
                          M             if (((L00001) & 800h) == 0)
                          M         bcf     PCLATH, 3
                          M             else
                          M         bsf     PCLATH, 3
                          M             endif
                          M           endif
                          M           if (CODE_SIZE > 4)
                          M             if (((L00001) & 1000h) == 0)
                          M         bcf     PCLATH, 4
                          M             else
                          M         bsf     PCLATH, 4
                          M             endif
                          M           endif
                          M         else
                          M           if (CODE_SIZE > 2)
                          M             if (((L00001) & 1800h) == 0)
000D   018A               M         clrf    PCLATH
                          M             else
                          M               if (((L00001) & 800h) == 0)
                          M         bcf     PCLATH, 3
                          M               else
                          M         bsf     PCLATH, 3
                          M               endif
                          M               if (CODE_SIZE > 4)
                          M                 if (((L00001) & 1000h) == 0)
                          M         bcf     PCLATH, 4
                          M                 else
                          M         bsf     PCLATH, 4
                          M                 endif
                          M               endif
                          M             endif
                          M           endif
                          M         endif
                          M       endif
                          M     endif
                          M 
000E   2807               M         goto    L00001
                      00110         LABEL?L L00002  
                          M         RST?RP
                          M     if ((PREV_BANK & 1) != 0)
                          M         bcf     STATUS, RP0
                          M     endif
MPASM  5.44                        HAFTA2.ASM   12-6-2021  13:45:51         PAGE 12


LOC  OBJECT CODE     LINE SOURCE TEXT
  VALUE

                          M     if ((PREV_BANK & 2) != 0)
                          M         bcf     STATUS, RP1
                          M     endif
  00000000                M PREV_BANK = 0
                          M     ifdef PM_USED
                          M         LALL
                          M L00002
                          M         XALL
                          M     else
000F                      M L00002
                          M     endif
                      00111 
                      00112 ; C:\USERS\MUSTAFA\DOCUMENTS\GITHUB\PROTEUS\PBP\HAFTA2.PBP      00018   while saributton==1   'butona ba
                            sýldýðýnda öncesinde kirmizi buton pulldown olduðundan 0 deðeri döndürüyor basýldýðýnda 1
                      00113         LABEL?L L00003  
                          M         RST?RP
                          M     if ((PREV_BANK & 1) != 0)
                          M         bcf     STATUS, RP0
                          M     endif
                          M     if ((PREV_BANK & 2) != 0)
                          M         bcf     STATUS, RP1
                          M     endif
  00000000                M PREV_BANK = 0
                          M     ifdef PM_USED
                          M         LALL
                          M L00003
                          M         XALL
                          M     else
000F                      M L00003
                          M     endif
                      00114         CMPNE?TCL       _saributton, 001h, L00004
                          M     if ((001h) == 0)
                          M         CLRWDT?
                          M         BIT?GOTO 1, PORTB, 001h,  L00004
                          M     else
                          M       if ((001h) == 1)
                          M         CLRWDT?
                          M     ifndef NO_CLRWDT
000F   0064               M         clrwdt
                          M     endif
                          M         BIT?GOTO 0, PORTB, 001h,  L00004
                          M     ifdef USE_LINKER
                          M         CLRWDT?
                          M     else
                          M       if ($ == (L00004))
                          M         CLRWDT?
                          M       endif
                          M     endif
                          M 
                          M     ifdef USE_LINKER
                          M       if (CODE_SIZE > 2)
                          M         pagesel L00004
                          M       endif
MPASM  5.44                        HAFTA2.ASM   12-6-2021  13:45:51         PAGE 13


LOC  OBJECT CODE     LINE SOURCE TEXT
  VALUE

                          M     else
                          M       if (CODE_SIZE > 2)
                          M         if (((L00004) & 800h) == 0)
0010   118A               M         bcf     PCLATH, 3
                          M         else
                          M         bsf     PCLATH, 3
                          M         endif
                          M       endif
                          M       if (CODE_SIZE > 4)
                          M         if (((L00004) & 1000h) == 0)
0011   120A               M         bcf     PCLATH, 4
                          M         else
                          M         bsf     PCLATH, 4
                          M         endif
                          M       endif
                          M     endif
                          M 
                          M     if (((PORTB) & 0ff80h) != 0)
                          M         CHK?RP  PORTB
                          M         bcf     STATUS, DC
                          M       if ((0)      == 0)
                          M         btfss   PORTB, 001h
                          M       else
                          M         btfsc   PORTB, 001h
                          M       endif
                          M         bsf     STATUS, DC
                          M         RST?RP
                          M         btfsc   STATUS, DC
                          M     else
                          M         RST?RP
                          M     if ((PREV_BANK & 1) != 0)
                          M         bcf     STATUS, RP0
                          M     endif
                          M     if ((PREV_BANK & 2) != 0)
                          M         bcf     STATUS, RP1
                          M     endif
  00000000                M PREV_BANK = 0
                          M       if ((0)      == 0)
0012   1C86               M         btfss   PORTB, 001h
                          M       else
                          M         btfsc   PORTB, 001h
                          M       endif
                          M     endif
                          M 
0013   2817               M         goto    L00004
                          M       else
                          M         L?GOTO  L00004
                          M       endif
                          M     endif
                      00115 
                      00116 ; C:\USERS\MUSTAFA\DOCUMENTS\GITHUB\PROTEUS\PBP\HAFTA2.PBP      00019   sariled=1
                      00117         MOVE?CT 001h, _sariled
                          M         CHK?RP  PORTC
MPASM  5.44                        HAFTA2.ASM   12-6-2021  13:45:51         PAGE 14


LOC  OBJECT CODE     LINE SOURCE TEXT
  VALUE

                          M     if (((PORTC) & 180h) == 0)
                          M       if (PREV_BANK == 1)
                          M         bcf     STATUS, RP0
                          M       endif
                          M       if (PREV_BANK == 2)
                          M         bcf     STATUS, RP1
                          M       endif
                          M       if (PREV_BANK == 3)
                          M         bcf     STATUS, RP0
                          M         bcf     STATUS, RP1
                          M       endif
  00000000                M PREV_BANK = 0
                          M     endif
                          M 
                          M     if (((PORTC) & 180h) == 80h)
                          M       if (PREV_BANK == 0)
                          M         bsf     STATUS, RP0
                          M       endif
                          M       if (PREV_BANK == 2)
                          M         bsf     STATUS, RP0
                          M         bcf     STATUS, RP1
                          M       endif
                          M       if (PREV_BANK == 3)
                          M         bcf     STATUS, RP1
                          M       endif
                          M PREV_BANK = 1
                          M     endif
                          M 
                          M     if (((PORTC) & 180h) == 100h)
                          M       if (PREV_BANK == 0)
                          M         bsf     STATUS, RP1
                          M       endif
                          M       if (PREV_BANK == 1)
                          M         bcf     STATUS, RP0
                          M         bsf     STATUS, RP1
                          M       endif
                          M       if (PREV_BANK == 3)
                          M         bcf     STATUS, RP0
                          M       endif
                          M PREV_BANK = 2
                          M     endif
                          M 
                          M     if (((PORTC) & 180h) == 180h)
                          M       if (PREV_BANK == 0)
                          M         bsf     STATUS, RP0
                          M         bsf     STATUS, RP1
                          M       endif
                          M       if (PREV_BANK == 1)
                          M         bsf     STATUS, RP1
                          M       endif
                          M       if (PREV_BANK == 2)
                          M         bsf     STATUS, RP0
                          M       endif
MPASM  5.44                        HAFTA2.ASM   12-6-2021  13:45:51         PAGE 15


LOC  OBJECT CODE     LINE SOURCE TEXT
  VALUE

                          M PREV_BANK = 3
                          M     endif
                          M     if (((001h) & 1) == 1)
0014   1407               M         bsf     PORTC,  000h
                          M     else
                          M         bcf     PORTC,  000h
                          M     endif
                      00118 
                      00119 ; C:\USERS\MUSTAFA\DOCUMENTS\GITHUB\PROTEUS\PBP\HAFTA2.PBP      00020   wend
                      00120         GOTO?L  L00003
                          M         L?GOTO  L00003
                          M     ifdef USE_LINKER
                          M         CLRWDT?
                          M     else
                          M       if ($ == (L00003))
                          M         CLRWDT?
                          M       endif
                          M     endif
                          M 
                          M         RST?RP
                          M     if ((PREV_BANK & 1) != 0)
                          M         bcf     STATUS, RP0
                          M     endif
                          M     if ((PREV_BANK & 2) != 0)
                          M         bcf     STATUS, RP1
                          M     endif
  00000000                M PREV_BANK = 0
                          M 
                          M     ifdef USE_LINKER
                          M       if (CODE_SIZE > 2)
                          M         pagesel L00003
                          M       endif
                          M     else
                          M       if ((L00003) < 1)
                          M         if (CODE_SIZE > 2)
                          M           if (((L00003) & 800h) == 0)
                          M         bcf     PCLATH, 3
                          M           else
                          M         bsf     PCLATH, 3
                          M           endif
                          M         endif
                          M         if (CODE_SIZE > 4)
                          M           if (((L00003) & 1000h) == 0)
                          M         bcf     PCLATH, 4
                          M           else
                          M         bsf     PCLATH, 4
                          M           endif
                          M         endif
                          M       else
                          M         if ((L00003) > $)
                          M           if (CODE_SIZE > 2)
                          M             if (((L00003) & 800h) == 0)
                          M         bcf     PCLATH, 3
MPASM  5.44                        HAFTA2.ASM   12-6-2021  13:45:51         PAGE 16


LOC  OBJECT CODE     LINE SOURCE TEXT
  VALUE

                          M             else
                          M         bsf     PCLATH, 3
                          M             endif
                          M           endif
                          M           if (CODE_SIZE > 4)
                          M             if (((L00003) & 1000h) == 0)
                          M         bcf     PCLATH, 4
                          M             else
                          M         bsf     PCLATH, 4
                          M             endif
                          M           endif
                          M         else
                          M           if (CODE_SIZE > 2)
                          M             if (((L00003) & 1800h) == 0)
0015   018A               M         clrf    PCLATH
                          M             else
                          M               if (((L00003) & 800h) == 0)
                          M         bcf     PCLATH, 3
                          M               else
                          M         bsf     PCLATH, 3
                          M               endif
                          M               if (CODE_SIZE > 4)
                          M                 if (((L00003) & 1000h) == 0)
                          M         bcf     PCLATH, 4
                          M                 else
                          M         bsf     PCLATH, 4
                          M                 endif
                          M               endif
                          M             endif
                          M           endif
                          M         endif
                          M       endif
                          M     endif
                          M 
0016   280F               M         goto    L00003
                      00121         LABEL?L L00004  
                          M         RST?RP
                          M     if ((PREV_BANK & 1) != 0)
                          M         bcf     STATUS, RP0
                          M     endif
                          M     if ((PREV_BANK & 2) != 0)
                          M         bcf     STATUS, RP1
                          M     endif
  00000000                M PREV_BANK = 0
                          M     ifdef PM_USED
                          M         LALL
                          M L00004
                          M         XALL
                          M     else
0017                      M L00004
                          M     endif
                      00122 
                      00123         END
MPASM  5.44                        HAFTA2.ASM   12-6-2021  13:45:51         PAGE 17


SYMBOL TABLE
  LABEL                             VALUE 

ACKDT                             00000005
ACKEN                             00000004
ACKSTAT                           00000006
ADCON0                            0000001F
ADCON1                            0000009F
ADCS0                             00000006
ADCS1                             00000007
ADC_BITS                          00000008
ADC_CLOCK                         00000003
ADC_SAMPLEUS                      00000032
ADDEN                             00000003
ADFM                              00000007
ADIE                              00000006
ADIF                              00000006
ADON                              00000000
ADRESH                            0000001E
ADRESL                            0000009E
BANK0_END                         0000007F
BANK0_START                       00000020
BANK1_END                         000000EF
BANK1_START                       000000A0
BANK2_END                         0000016F
BANK2_START                       00000110
BANK3_END                         000001EF
BANK3_START                       00000190
BCLIE                             00000003
BCLIF                             00000003
BF                                00000000
BIT?FLIP                          
BIT?FW                            
BIT?GOTO                          
BIT?R1                            
BIT?R2                            
BIT?W                             
BRGH                              00000002
BUTTON_PAUSE                      0000000A
C                                 00000000
CCP1CON                           00000017
CCP1IE                            00000002
CCP1IF                            00000002
CCP1M0                            00000000
CCP1M1                            00000001
CCP1M2                            00000002
CCP1M3                            00000003
CCP1X                             00000005
CCP1Y                             00000004
CCP1_BIT                          00000002
CCP1_REG                          00000007
CCP2CON                           0000001D
CCP2IE                            00000000
CCP2IF                            00000000
CCP2M0                            00000000
CCP2M1                            00000001
MPASM  5.44                        HAFTA2.ASM   12-6-2021  13:45:51         PAGE 18


SYMBOL TABLE
  LABEL                             VALUE 

CCP2M2                            00000002
CCP2M3                            00000003
CCP2X                             00000005
CCP2Y                             00000004
CCP2_BIT                          00000001
CCP2_REG                          00000007
CCPR1                             00000015
CCPR1H                            00000016
CCPR1L                            00000015
CCPR2                             0000001B
CCPR2H                            0000001C
CCPR2L                            0000001B
CHK?RP                            
CHS0                              00000003
CHS1                              00000004
CHS2                              00000005
CKE                               00000006
CKP                               00000004
CLRWDT?                           
CLRWDT?NOP                        
CMPNE?TCL                         
CODE_SIZE                         8
CREN                              00000004
CSRC                              00000007
D                                 00000005
DATA_ADDRESS                      00000005
DC                                00000001
DEBUGIN_BIT                       00000000
DEBUGIN_MODE                      00000001
DEBUGIN_REG                       00000006
DEBUG_BAUD                        00000960
DEBUG_BIT                         00000000
DEBUG_DELAY                       00000193
DEBUG_MODE                        00000001
DEBUG_REG                         00000006
D_A                               00000005
D_NOT_A                           00000005
EEADR                             0000010D
EEADRH                            0000010F
EECON1                            0000018C
EECON2                            0000018D
EEDATA                            0000010C
EEDATH                            0000010E
EEIE                              00000004
EEIF                              00000004
EEPGD                             00000007
EEPROM_END                        000021FF
EEPROM_START                      00002100
F                                 00000001
FERR                              00000002
FLAGS                             00000032
FSR                               00000004
GCEN                              00000007
MPASM  5.44                        HAFTA2.ASM   12-6-2021  13:45:51         PAGE 19


SYMBOL TABLE
  LABEL                             VALUE 

GIE                               00000007
GO                                00000002
GOP                               00000033
GOTO?L                            
GO_DONE                           00000002
GO_NOT_DONE                       00000002
HSER_BAUD                         00000960
HSER_BITS                         00000008
HSER_RCSTA                        00000090
HSER_SPBRG                        00000019
HSER_TXSTA                        00000020
I2CFIRSTFLAG                      FLAGS, 2
I2CREADFLAG                       FLAGS, 3
I2CSTOPFLAG                       FLAGS, 5
I2CSTOPSTRFLAG                    FLAGS, 6
I2CWRITEFLAG                      FLAGS, 4
I2C_DATA                          00000005
I2C_READ                          00000002
I2C_START                         00000003
I2C_STOP                          00000004
IBF                               00000007
IBOV                              00000005
INDF                              00000000
INIT                              00000001
INTCON                            0000000B
INTE                              00000004
INTEDG                            00000006
INTF                              00000001
IRP                               00000007
L00001                            00000007
L00002                            0000000F
L00003                            0000000F
L00004                            00000017
L?CALL                            
L?GOTO                            
LABEL?L                           
LCDCDFLAG                         FLAGS, 0
LCDINITFLAG                       FLAGS, 1
LCD_BITS                          00000004
LCD_COMMANDUS                     000007D0
LCD_DATAUS                        00000032
LCD_DBIT                          00000000
LCD_DREG                          00000005
LCD_EBIT                          00000003
LCD_EREG                          00000006
LCD_LINES                         00000002
LCD_RSBIT                         00000004
LCD_RSREG                         00000005
LCD_RWBIT                         00000004
LCD_RWREG                         00000005
MOVE?AB                           
MOVE?AT                           
MOVE?AW                           
MPASM  5.44                        HAFTA2.ASM   12-6-2021  13:45:51         PAGE 20


SYMBOL TABLE
  LABEL                             VALUE 

MOVE?AWW                          
MOVE?BA                           
MOVE?BB                           
MOVE?BT                           
MOVE?BW                           
MOVE?CA                           
MOVE?CB                           
MOVE?CT                           
MOVE?CW                           
MOVE?TA                           
MOVE?TB                           
MOVE?TT                           
MOVE?TW                           
MOVE?WA                           
MOVE?WB                           
MOVE?WT                           
MOVE?WW                           
MOVE?WWA                          
NOT_A                             00000005
NOT_ADDRESS                       00000005
NOT_BO                            00000000
NOT_BOR                           00000000
NOT_DONE                          00000002
NOT_PD                            00000003
NOT_POR                           00000001
NOT_RBPU                          00000007
NOT_RC8                           00000006
NOT_T1SYNC                        00000002
NOT_TO                            00000004
NOT_TX8                           00000006
NOT_W                             00000002
NOT_WRITE                         00000002
OBF                               00000006
OERR                              00000001
OPTION_REG                        00000081
OSC                               00000004
OSC_VALID                         00000001
P                                 00000004
PCFG0                             00000000
PCFG1                             00000001
PCFG2                             00000002
PCFG3                             00000003
PCL                               00000002
PCLATH                            0000000A
PCON                              0000008E
PEIE                              00000006
PEN                               00000002
PIE1                              0000008C
PIE2                              0000008D
PIR1                              0000000C
PIR2                              0000000D
PORTA                             00000005
PORTB                             00000006
MPASM  5.44                        HAFTA2.ASM   12-6-2021  13:45:51         PAGE 21


SYMBOL TABLE
  LABEL                             VALUE 

PORTC                             00000007
PORTD                             00000008
PORTE                             00000009
PR2                               00000092
PREV_BANK                         00000000
PS0                               00000000
PS1                               00000001
PS2                               00000002
PSA                               00000003
PSPIE                             00000007
PSPIF                             00000007
PSPMODE                           00000004
R                                 00000002
R0                                00000020
R1                                00000022
R2                                00000024
R3                                00000026
R4                                00000028
R5                                0000002A
R6                                0000002C
R7                                0000002E
R8                                00000030
RA0                               00000000
RA1                               00000001
RA2                               00000002
RA3                               00000003
RA4                               00000004
RA5                               00000005
RAM_BANKS                         00000004
RAM_END                           000001EF
RAM_START                         00000020
RB0                               00000000
RB1                               00000001
RB2                               00000002
RB3                               00000003
RB4                               00000004
RB5                               00000005
RB6                               00000006
RB7                               00000007
RBIE                              00000003
RBIF                              00000000
RC0                               00000000
RC1                               00000001
RC2                               00000002
RC3                               00000003
RC4                               00000004
RC5                               00000005
RC6                               00000006
RC7                               00000007
RC8_9                             00000006
RC9                               00000006
RCD8                              00000000
RCEN                              00000003
MPASM  5.44                        HAFTA2.ASM   12-6-2021  13:45:51         PAGE 22


SYMBOL TABLE
  LABEL                             VALUE 

RCIE                              00000005
RCIF                              00000005
RCREG                             0000001A
RCSTA                             00000018
RD                                00000000
RD0                               00000000
RD1                               00000001
RD2                               00000002
RD3                               00000003
RD4                               00000004
RD5                               00000005
RD6                               00000006
RD7                               00000007
RE0                               00000000
RE1                               00000001
RE2                               00000002
READ_WRITE                        00000002
RESET_ORG                         00000000
RM1                               00000034
RM2                               00000035
RP0                               00000005
RP1                               00000006
RR1                               00000036
RR2                               00000037
RSEN                              00000001
RST?RP                            
RX9                               00000006
RX9D                              00000000
R_NOT_W                           00000002
R_W                               00000002
S                                 00000003
SEN                               00000000
SMP                               00000007
SPBRG                             00000099
SPEN                              00000007
SREN                              00000005
SSPADD                            00000093
SSPBUF                            00000013
SSPCON                            00000014
SSPCON2                           00000091
SSPEN                             00000005
SSPIE                             00000003
SSPIF                             00000003
SSPM0                             00000000
SSPM1                             00000001
SSPM2                             00000002
SSPM3                             00000003
SSPOV                             00000006
SSPSTAT                           00000094
STATUS                            00000003
SYNC                              00000004
T0CS                              00000005
T0IE                              00000005
MPASM  5.44                        HAFTA2.ASM   12-6-2021  13:45:51         PAGE 23


SYMBOL TABLE
  LABEL                             VALUE 

T0IF                              00000002
T0SE                              00000004
T1CKPS0                           00000004
T1CKPS1                           00000005
T1CON                             00000010
T1INSYNC                          00000002
T1OSCEN                           00000003
T1SYNC                            00000002
T2CKPS0                           00000000
T2CKPS1                           00000001
T2CON                             00000012
TMR0                              00000001
TMR0IE                            00000005
TMR0IF                            00000002
TMR1                              0000000E
TMR1CS                            00000001
TMR1H                             0000000F
TMR1IE                            00000000
TMR1IF                            00000000
TMR1L                             0000000E
TMR1ON                            00000000
TMR2                              00000011
TMR2IE                            00000001
TMR2IF                            00000001
TMR2ON                            00000002
TOUTPS0                           00000003
TOUTPS1                           00000004
TOUTPS2                           00000005
TOUTPS3                           00000006
TRISA                             00000085
TRISA0                            00000000
TRISA1                            00000001
TRISA2                            00000002
TRISA3                            00000003
TRISA4                            00000004
TRISA5                            00000005
TRISB                             00000086
TRISB0                            00000000
TRISB1                            00000001
TRISB2                            00000002
TRISB3                            00000003
TRISB4                            00000004
TRISB5                            00000005
TRISB6                            00000006
TRISB7                            00000007
TRISC                             00000087
TRISC0                            00000000
TRISC1                            00000001
TRISC2                            00000002
TRISC3                            00000003
TRISC4                            00000004
TRISC5                            00000005
TRISC6                            00000006
MPASM  5.44                        HAFTA2.ASM   12-6-2021  13:45:51         PAGE 24


SYMBOL TABLE
  LABEL                             VALUE 

TRISC7                            00000007
TRISD                             00000088
TRISD0                            00000000
TRISD1                            00000001
TRISD2                            00000002
TRISD3                            00000003
TRISD4                            00000004
TRISD5                            00000005
TRISD6                            00000006
TRISD7                            00000007
TRISE                             00000089
TRISE0                            00000000
TRISE1                            00000001
TRISE2                            00000002
TRMT                              00000001
TX8_9                             00000006
TX9                               00000006
TX9D                              00000000
TXD8                              00000000
TXEN                              00000005
TXIE                              00000004
TXIF                              00000004
TXREG                             00000019
TXSTA                             00000098
UA                                00000001
W                                 00000000
WCOL                              00000007
WR                                00000001
WREN                              00000002
WRERR                             00000003
Z                                 00000002
_BODEN_OFF                        00003FBF
_BODEN_ON                         00003FFF
_BOREN_OFF                        00003FBF
_BOREN_ON                         00003FFF
_CONFIG                           00002007
_CPD_OFF                          00003FFF
_CPD_ON                           00003EFF
_CP_ALL                           00000FCF
_CP_HALF                          00001FDF
_CP_OFF                           00003FFF
_CP_UPPER_256                     00002FEF
_DEBUG_OFF                        00003FFF
_DEBUG_ON                         000037FF
_DEVID1                           00002006
_FOSC_EXTRC                       00003FFF
_FOSC_HS                          00003FFE
_FOSC_LP                          00003FFC
_FOSC_XT                          00003FFD
_HS_OSC                           00003FFE
_IDLOC0                           00002000
_IDLOC1                           00002001
_IDLOC2                           00002002
MPASM  5.44                        HAFTA2.ASM   12-6-2021  13:45:51         PAGE 25


SYMBOL TABLE
  LABEL                             VALUE 

_IDLOC3                           00002003
_LP_OSC                           00003FFC
_LVP_OFF                          00003F7F
_LVP_ON                           00003FFF
_PORTB??0                         PORTB, 000h
_PORTB??1                         PORTB, 001h
_PORTC??0                         PORTC, 000h
_PORTC??1                         PORTC, 001h
_PORTH                            00000007
_PORTL                            00000006
_PWRTE_OFF                        00003FFF
_PWRTE_ON                         00003FF7
_RC_OSC                           00003FFF
_TRISH                            00000087
_TRISL                            00000086
_USED                             00000001
_WDTE_OFF                         00003FFB
_WDTE_ON                          00003FFF
_WDT_OFF                          00003FFB
_WDT_ON                           00003FFF
_WRT_ENABLE_OFF                   00003DFF
_WRT_ENABLE_ON                    00003FFF
_WRT_OFF                          00003DFF
_WRT_ON                           00003FFF
_XT_OSC                           00003FFD
__16F877                          00000001
_kirmizibutton                    _PORTB??0
_kirmiziled                       _PORTC??1
_saributton                       _PORTB??1
_sariled                          _PORTC??0
main                              00000001


MEMORY USAGE MAP ('X' = Used,  '-' = Unused)

0000 : XXXXXXXXXXXXXXXX XXXXXXX--------- ---------------- ----------------
2000 : -------X-------- ---------------- ---------------- ----------------

All other memory blocks unused.

Program Memory Words Used:    23
Program Memory Words Free:  8169


Errors   :     0
Warnings :     0 reported,     0 suppressed
Messages :     0 reported,     2 suppressed

